exact : 3...e-16
128-bit ddouble : 3e-16
128-bit ddoublex: 3e-16
128-bit posit : 3e-16
128-bit ieee : 3e-16
128-bit ieeex : 3e-16
area a exact : 1...
area a ddouble : 1
area a ddoublex: 1
area a double : 1
area a doublex : 1
area 128 ieee : 1
area 128 ieee x: 1
area b exact : 245...
area b ddouble : 245
area b double : 245
exact X : 302...
ddouble X : 302
double X : 302
32-bit ieee : 302...