public fun test : forall<a> (x : a) -> a
 = forall<a> fun(x: a){
 x
 };