[01;30minitial core check
[00;39;49m[00m[01;30mreturn core check
[00;39;49m[00m[01;30mlift functions core check
[00;39;49m[00m[01;30mopen resolve core check
[00;39;49m[00m[01;30mafter simplify core check 1
[00;39;49m[00m[01;30mmonadic core check
[00;39;49m[00m[01;30minlined functions core check
[00;39;49m[00m[01;30mafter simplify core check 2
[00;39;49m[00m[01;30mpublic fun test : forall<a,b> (x : a, y : b) -> a
 = forall<a,b> fun(x: a, y: b){
 std/core/types/.drop(y);
 x
 };
[00;39;49m[00m[01;30mcl -nologo -c -W3 -Gm- -Zi -MDd -RTC1 -Fa"out/test/parc_parc7.asm" -I"cruntime/include" -Fo"out/test/parc_parc7.obj" "out/test/parc_parc7.c"
[00;39;49m[00mparc_parc7.c