parc_parc5.c
initial core check
return core check
lift functions core check
open resolve core check
after simplify core check 1
monadic core check
inlined functions core check
after simplify core check 2
public fun test : () -> std/core/types/int
 = fun(){
 val xs.32 : list<std/core/types/int>
 = std/core/Cons(1, std/core/Nil);
 match (xs.32) {
 (std/core/Cons((x: std/core/types/int), (.pat0: list<std/core/types/int>)) : list<std/core/types/int> )
 -> val _ : std/core/types/int
 = std/core/types/.dup(x);
 val _ : ()
 = std/core/types/.drop(xs.32);
 x;
 _
 -> std/core/types/.drop(xs.32);
 1;
 }
 };
cl -nologo -c -W3 -Gm- -Zi -MDd -RTC1 -Fa"out/test/parc_parc5.asm" -I"cruntime/include" -Fo"out/test/parc_parc5.obj" "out/test/parc_parc5.c"