[01;30minitial core check
[00;39;49m[00m[01;30mreturn core check
[00;39;49m[00m[01;30mlift functions core check
[00;39;49m[00m[01;30mopen resolve core check
[00;39;49m[00m[01;30mafter simplify core check 1
[00;39;49m[00m[01;30mmonadic core check
[00;39;49m[00m[01;30minlined functions core check
[00;39;49m[00m[01;30mafter simplify core check 2
[00;39;49m[00m[01;30mpublic fun test : (xs : list<std/core/types/int>, y : std/core/types/int) -> std/core/types/int
 = fun(xs: list<std/core/types/int>, y: std/core/types/int){
 match (xs) {
 (std/core/Cons((x: std/core/types/int), (.pat0: list<std/core/types/int>)) : list<std/core/types/int> )
 -> val _ : std/core/types/int
 = std/core/types/.dup(x);
 val _ : ()
 = std/core/types/.drop(y);
 (match (xs) {
 (std/core/Cons((.pat2: std/core/types/int), (.pat3: list<std/core/types/int>)) : list<std/core/types/int> )
 -> std/core/types/.drop(xs);
 x;
 (std/core/Nil() : (list<std/core/types/int>) )
 -> val _ : ()
 = std/core/types/.drop(x);
 val _ : ()
 = std/core/types/.drop(xs);
 2;
 });
 (std/core/Cons((.pat6: std/core/types/int), (.pat7: list<std/core/types/int>)) : list<std/core/types/int> )
 -> val _ : ()
 = std/core/types/.drop(xs);
 val _ : ()
 = std/core/types/.drop(y);
 2;
 _
 -> std/core/types/.drop(xs);
 y;
 }
 };
[00;39;49m[00m[01;30mcl -nologo -c -W3 -Gm- -Zi -MDd -RTC1 -Fa"out/test/parc_parc15.asm" -I"cruntime/include" -Fo"out/test/parc_parc15.obj" "out/test/parc_parc15.c"
[00;39;49m[00mparc_parc15.c