parc_parc8.c
initial core check
return core check
lift functions core check
open resolve core check
after simplify core check 1
monadic core check
inlined functions core check
after simplify core check 2
public fun test : (x : std/core/types/int, y : std/core/types/int) -> std/core/types/int
 = fun(x: std/core/types/int, y: std/core/types/int){
 std/core/types/.drop(y);
 std/core/(+)((std/core/types/.dup(x)), x)
 };
cl -nologo -c -W3 -Gm- -Zi -MDd -RTC1 -Fa"out/test/parc_parc8.asm" -I"cruntime/include" -Fo"out/test/parc_parc8.obj" "out/test/parc_parc8.c"