public fun test : (xs : list<std/core/types/int>) -> std/core/types/int
 = fun(xs: list<std/core/types/int>){
 match (xs) {
 (std/core/Cons((xs0: std/core/types/int), (.pat: list<std/core/types/int>)) : list<std/core/types/int> )
 -> val _ : std/core/types/int
 = std/core/types/.dup(xs0);
 val _ : ()
 = std/core/types/.drop(xs);
 xs0;
 (std/core/Nil() : (list<std/core/types/int>) )
 -> std/core/types/.drop(xs);
 1;
 }
 };
test/parc/parc19.kk(3,10): warning: xs shadows an earlier local definition or parameter
test/parc/parc19.kk(3,27): warning: pattern variable ys is unused (or a wrongly spelled constructor?)
 hint: prepend an underscore to make it a wildcard pattern