[01;30minitial core check
[00;39;49m[00m[01;30mreturn core check
[00;39;49m[00m[01;30mlift functions core check
[00;39;49m[00m[01;30mopen resolve core check
[00;39;49m[00m[01;30mafter simplify core check 1
[00;39;49m[00m[01;30mmonadic core check
[00;39;49m[00m[01;30minlined functions core check
[00;39;49m[00m[01;30mafter simplify core check 2
[00;39;49m[00m[01;30mpublic fun test : (x : list<std/core/types/int>) -> list<std/core/types/int>
 = fun(x: list<std/core/types/int>){
 std/core/types/.drop(x);
 std/core/Nil
 };
[00;39;49m[00m[01;30mcl -nologo -c -W3 -Gm- -Zi -MDd -RTC1 -Fa"out/test/parc_parc9.asm" -I"cruntime/include" -Fo"out/test/parc_parc9.obj" "out/test/parc_parc9.c"
[00;39;49m[00mparc_parc9.c