module parc/parc18
private import std/core/types = std/core/types = "";
private import std/core/hnd = std/core/hnd = "";
private import std/core = std/core = "";
public fun test : forall<a> (xs : list<a>, ys : list<a>) -> list<a>
 = fun(xs: list<35>, ys: list<35>){
 match (xs) {
 (std/core/Cons((z: 35), (.pat0: list<35>)) : list<a> )
 -> (match (ys) {
 (std/core/Cons((z0: 35), (.pat2: list<35>)) : list<a> )
 -> val .ru.37 : std/core/types/reuse
 = std/core/types/no-reuse();
 val _ : ()
 = (match ((std/core/types/.is-unique(ys))) {
 (std/core/types/True() : std/core/types/bool )
 -> (match ((std/core/types/.is-unique(.pat2))) {
 (std/core/types/True() : std/core/types/bool )
 -> std/core/types/.free(.pat2);
 _
 -> std/core/types/.dec-ref(.pat2);
 });
 std/core/types/.assign-reuse(.ru.37, (std/core/types/.reuse(ys)));
 _
 -> val _ : a
 = std/core/types/.dup(z0);
 val _ : ()
 = std/core/types/.dec-ref(ys);
 std/core/types/.assign-reuse(.ru.37, (std/core/types/no-reuse()));
 });
 val _ : ()
 = (match ((std/core/types/.is-unique(xs))) {
 (std/core/types/True() : std/core/types/bool )
 -> std/core/types/.free(xs);
 _
 -> std/core/types/.dec-ref(xs);
 });
 std/core/types/.alloc-at(.ru.37, (std/core/Cons(z0, std/core/Nil)));
 (.skip std/core/Nil() : (list<a>) )
 -> xs;
 });
 (.skip std/core/Nil() : (list<a>) )
 -> ys;
 }
 };
test/parc/parc18.kk(4,23): warning: z shadows an earlier local definition or parameter
test/parc/parc18.kk(3, 5): warning: pattern variable z is unused (or a wrongly spelled constructor?)
 hint: prepend an underscore to make it a wildcard pattern