f : () -> <foo,foo> ()
onevent : forall<e> (() -> e ()) -> <foo|e> ()