test/type/warn1.kk(3,11): warning: xs shadows an earlier local definition or parameter
type/warn1/f: forall<a> (xs : list<a>) -> int