cgen/specialize/bintree/.lift000-main: (tree350 : tree<int>) -> tree<int>
cgen/specialize/bintree/.lift000-main: (xs358 : list<int>) -> list<int>
cgen/specialize/bintree/is-bin: forall<a> (tree : tree<a>) -> bool
cgen/specialize/bintree/is-leaf: forall<a> (tree : tree<a>) -> bool
cgen/specialize/bintree/main: () -> ()
cgen/specialize/bintree/mapTree: forall<a,b> (tree : tree<a>, f : (a) -> b) -> tree<b>