[2,3,4]
 
cgen/specialize/map/.lift000-test: (xs226 : list<int>) -> list<int>
cgen/specialize/map/.lift000-main: (xs234 : list<int>) -> list<int>
cgen/specialize/map/.unroll117-map-int: (xs : list<int>, f : (int) -> int) -> list<int>
cgen/specialize/map/main: () -> console ()
cgen/specialize/map/map-int: (xs : list<int>, f : (int) -> int) -> list<int>
cgen/specialize/map/test: () -> list<int>