115
 
cgen/specialize/map5/.lift000-test: forall<a> (f : (a) -> int, y : int, xs359 : list<a>) -> list<int>
cgen/specialize/map5/.lift000-test: forall<a> (f : (a) -> int, y : int, xs364 : list<a>) -> list<int>
cgen/specialize/map5/.lift000-main: (xs372 : list<int>) -> list<int>
cgen/specialize/map5/.lift000-main: (xs377 : list<int>) -> list<int>
cgen/specialize/map5/main: () -> console ()
cgen/specialize/map5/test: forall<a> (xs : list<a>, y : int, f : (a) -> int) -> list<int>