cgen/specialize/specialize-map/.lift119-test: (xs : list<int>) -> list<int>
cgen/specialize/specialize-map/.lift120-main: (xs : list<int>) -> list<int>
cgen/specialize/specialize-map/main: () -> console ()
cgen/specialize/specialize-map/map-int: (xs : list<int>, f : (int) -> int) -> list<int>
cgen/specialize/specialize-map/test: () -> list<int>
