cgen/specialize/specialize-tree/.copy: forall<a> (tree<a>, data : optional<a>, children : optional<list<tree<a>>>) -> tree<a>
cgen/specialize/specialize-tree/.lift1048-mapT: forall<a,b> (f : (a) -> b, xs : list<tree<a>>) -> div list<tree<b>>
cgen/specialize/specialize-tree/.lift1049-show: (xs : list<tree<int>>) -> div list<string>
cgen/specialize/specialize-tree/.lift1050-main: (tree<int>) -> div tree<int>
cgen/specialize/specialize-tree/children: forall<a> (tree : tree<a>) -> list<tree<a>>
cgen/specialize/specialize-tree/data: forall<a> (tree : tree<a>) -> a
cgen/specialize/specialize-tree/main: () -> <console,div> ()
cgen/specialize/specialize-tree/mapT: forall<a,b> (tree<a>, f : (a) -> b) -> div tree<b>
cgen/specialize/specialize-tree/show: (tree<int>) -> div string
